-- enabling client container
menderserver-mender-deviceconfig-1  | time="2023-11-06T18:42:07Z" level=info msg="Migrating database: deviceconfig" caller="mongo.(*MongoStore).Migrate@migrations.go:60"
menderserver-mender-deviceconfig-1  | time="2023-11-06T18:42:07Z" level=info msg="applying migration from version 0.0.0 to 1.0.1" caller="migrate.(*SimpleMigrator).Apply@migrator_simple.go:100" db=deviceconfig
menderserver-mender-deviceconfig-1  | time="2023-11-06T18:42:07Z" level=info msg="DB migrated to version 1.0.1" caller="migrate.(*SimpleMigrator).Apply@migrator_simple.go:139" db=deviceconfig
menderserver-mender-deviceconfig-1  | time="2023-11-06T18:42:07Z" level=info msg="Server listening for connections on \":8080\"" caller="server.InitAndRun.func1@server.go:58"
menderserver-mender-iot-manager-1   | time="2023-11-06T18:42:07Z" level=info msg="migrating iot_manager" caller="mongo.Migrate@migrations.go:43"
menderserver-mender-nats-1          | [1] 2023/11/06 18:42:04.169154 [INF] Starting nats-server
menderserver-mender-nats-1          | [1] 2023/11/06 18:42:04.169287 [INF]   Version:  2.7.4
menderserver-mender-nats-1          | [1] 2023/11/06 18:42:04.169312 [INF]   Git:      [a86b84a]
menderserver-mender-nats-1          | [1] 2023/11/06 18:42:04.169334 [INF]   Name:     NBYKPI6R3Z3KFKTWKQIST7RZB4F6IOLVTSW4VPRGSEEKU47KDY6HVOZN
menderserver-mender-iot-manager-1   | time="2023-11-06T18:42:07Z" level=info msg="applying migration from version 0.0.0 to 1.0.0" caller="migrate.(*SimpleMigrator).Apply@migrator_simple.go:100" db=iot_manager
menderserver-mender-iot-manager-1   | time="2023-11-06T18:42:08Z" level=info msg="applying migration from version 1.0.0 to 1.1.0" caller="migrate.(*SimpleMigrator).Apply@migrator_simple.go:100" db=iot_manager
menderserver-mender-iot-manager-1        | time="2023-11-06T18:42:08Z" level=info msg="DB migrated to version 1.1.0" caller="migrate.(*SimpleMigrator).Apply@migrator_simple.go:139" db=iot_manager
menderserver-mender-iot-manager-1        | time="2023-11-06T18:42:08Z" level=info msg="IoT Manager service starting up" caller="server.InitAndRun@server.go:72"
menderserver-mender-iot-manager-1        | time="2023-11-06T18:42:08Z" level=info msg="listening on :8080" caller="server.InitAndRun@server.go:73"
menderserver-mender-nats-1          | [1] 2023/11/06 18:42:04.169373 [INF]   Node:     xA3J24BJ
menderserver-mender-api-gateway-1        | time="2023-11-06T18:42:12Z" level=info msg="Configuration loaded from flags."
menderserver-mender-nats-1               | [1] 2023/11/06 18:42:04.169392 [INF]   ID:       NBYKPI6R3Z3KFKTWKQIST7RZB4F6IOLVTSW4VPRGSEEKU47KDY6HVOZN
menderserver-mender-nats-1               | [1] 2023/11/06 18:42:04.171835 [INF] Starting JetStream
menderserver-mender-api-gateway-1        | 192.168.80.1 - - [06/Nov/2023:18:42:17 +0000] "POST /api/management/v1/useradm/auth/login HTTP/1.1" 404 19 "-" "-" 1 "-" "-" 0ms
menderserver-mender-api-gateway-1        | 192.168.80.1 - - [06/Nov/2023:18:42:22 +0000] "POST /api/management/v1/useradm/auth/login HTTP/1.1" 404 19 "-" "-" 2 "-" "-" 0ms
menderserver-mender-api-gateway-1        | 192.168.80.1 - - [06/Nov/2023:18:42:27 +0000] "POST /api/management/v1/useradm/auth/login HTTP/1.1" 404 19 "-" "-" 3 "-" "-" 0ms
menderserver-mender-api-gateway-1        | 192.168.80.1 - - [06/Nov/2023:18:42:32 +0000] "POST /api/management/v1/useradm/auth/login HTTP/1.1" 404 19 "-" "-" 4 "-" "-" 0ms
menderserver-mender-api-gateway-1        | 192.168.80.1 - - [06/Nov/2023:18:42:37 +0000] "POST /api/management/v1/useradm/auth/login HTTP/1.1" 404 19 "-" "-" 5 "-" "-" 0ms
menderserver-mender-api-gateway-1        | 192.168.80.1 - - [06/Nov/2023:18:42:42 +0000] "POST /api/management/v1/useradm/auth/login HTTP/1.1" 404 19 "-" "-" 6 "-" "-" 0ms
menderserver-mender-api-gateway-1        | 192.168.80.1 - - [06/Nov/2023:18:42:48 +0000] "POST /api/management/v1/useradm/auth/login HTTP/1.1" 404 19 "-" "-" 7 "-" "-" 0ms
menderserver-mender-api-gateway-1        | time="2023-11-06T18:42:48Z" level=error msg="entryPoint \"web\" doesn't exist" routerName=nginxp@docker entryPointName=web
menderserver-mender-api-gateway-1        | time="2023-11-06T18:42:48Z" level=error msg="no valid entryPoint for this router" routerName=nginxp@docker
menderserver-mender-api-gateway-1        | time="2023-11-06T18:42:51Z" level=error msg="entryPoint \"web\" doesn't exist" routerName=nginxp@docker entryPointName=web
menderserver-mender-api-gateway-1        | time="2023-11-06T18:42:51Z" level=error msg="no valid entryPoint for this router" routerName=nginxp@docker
menderserver-mender-api-gateway-1        | time="2023-11-06T18:42:51Z" level=error msg="entryPoint \"websecure\" doesn't exist" routerName=mywhoami@docker entryPointName=websecure
menderserver-mender-api-gateway-1        | time="2023-11-06T18:42:51Z" level=error msg="no valid entryPoint for this router" routerName=mywhoami@docker
menderserver-mender-api-gateway-1        | time="2023-11-06T18:42:51Z" level=error msg="entryPoint \"websecure\" doesn't exist" entryPointName=websecure routerName=mywhoami@docker
menderserver-mender-api-gateway-1        | time="2023-11-06T18:42:51Z" level=error msg="no valid entryPoint for this router" routerName=mywhoami@docker
menderserver-mender-api-gateway-1        | time="2023-11-06T18:42:51Z" level=error msg="the router mywhoami@docker uses a non-existent resolver: myresolver"
menderserver-mender-api-gateway-1        | time="2023-11-06T18:42:52Z" level=error msg="entryPoint \"web\" doesn't exist" routerName=nginxp@docker entryPointName=web
menderserver-mender-api-gateway-1        | time="2023-11-06T18:42:52Z" level=error msg="no valid entryPoint for this router" routerName=nginxp@docker
menderserver-mender-api-gateway-1        | time="2023-11-06T18:42:52Z" level=error msg="api is not enabled" entryPointName=http routerName=traefik-ui@docker
menderserver-mender-api-gateway-1        | time="2023-11-06T18:42:52Z" level=error msg="api is not enabled" entryPointName=https routerName=traefik-ui@docker
menderserver-mender-api-gateway-1        | time="2023-11-06T18:42:52Z" level=error msg="entryPoint \"websecure\" doesn't exist" entryPointName=websecure routerName=grafana@docker
menderserver-mender-api-gateway-1        | time="2023-11-06T18:42:52Z" level=error msg="no valid entryPoint for this router" routerName=grafana@docker
menderserver-minio-1                     | 
menderserver-mender-deployments-1        | time="2023-11-06T18:42:08Z" level=warning msg="'presign.secret' not configured. Generating a random secret." caller="config.Setup@config.go:246"
menderserver-mender-api-gateway-1        | time="2023-11-06T18:42:52Z" level=error msg="entryPoint \"websecure\" doesn't exist" routerName=prometheus@docker entryPointName=websecure
menderserver-mender-deployments-1        | time="2023-11-06T18:42:08Z" level=info msg="Deployments Service starting up" caller="main.cmdServer@main.go:158"
menderserver-mender-deployments-1        | time="2023-11-06T18:42:08Z" level=info msg="automigrate is ON, will apply migrations" caller="mongo.Migrate@migrations.go:49"
menderserver-mender-reporting-1          | time="2023-11-06T18:42:06Z" level=warning msg="failed to ping opensearch: dial tcp 192.168.80.2:9200: connect: connection refused" caller="main.getStore@main.go:246"
menderserver-mender-reporting-1          | time="2023-11-06T18:42:07Z" level=warning msg="failed to ping opensearch: dial tcp 192.168.80.2:9200: connect: connection refused" caller="main.getStore@main.go:246"
menderserver-mender-reporting-1          | time="2023-11-06T18:42:08Z" level=warning msg="failed to ping opensearch: dial tcp 192.168.80.2:9200: connect: connection refused" caller="main.getStore@main.go:246"
menderserver-mender-reporting-1          | time="2023-11-06T18:42:09Z" level=warning msg="failed to ping opensearch: dial tcp 192.168.80.2:9200: connect: connection refused" caller="main.getStore@main.go:246"
menderserver-mender-reporting-1          | time="2023-11-06T18:42:10Z" level=warning msg="failed to ping opensearch: dial tcp 192.168.80.2:9200: connect: connection refused" caller="main.getStore@main.go:246"
menderserver-mender-reporting-1          | time="2023-11-06T18:42:11Z" level=warning msg="failed to ping opensearch: dial tcp 192.168.80.2:9200: connect: connection refused" caller="main.getStore@main.go:246"
menderserver-mender-reporting-1          | time="2023-11-06T18:42:12Z" level=warning msg="failed to ping opensearch: dial tcp 192.168.80.2:9200: connect: connection refused" caller="main.getStore@main.go:246"
menderserver-mender-reporting-1          | time="2023-11-06T18:42:13Z" level=warning msg="failed to ping opensearch: dial tcp 192.168.80.2:9200: connect: connection refused" caller="main.getStore@main.go:246"
menderserver-mender-reporting-1          | time="2023-11-06T18:42:14Z" level=warning msg="failed to ping opensearch: dial tcp 192.168.80.2:9200: connect: connection refused" caller="main.getStore@main.go:246"
menderserver-mender-reporting-1          | time="2023-11-06T18:42:15Z" level=warning msg="failed to ping opensearch: dial tcp 192.168.80.2:9200: connect: connection refused" caller="main.getStore@main.go:246"
menderserver-mender-reporting-1          | time="2023-11-06T18:42:16Z" level=warning msg="failed to ping opensearch: dial tcp 192.168.80.2:9200: connect: connection refused" caller="main.getStore@main.go:246"
menderserver-mender-reporting-1          | time="2023-11-06T18:42:17Z" level=warning msg="failed to ping opensearch: dial tcp 192.168.80.2:9200: connect: connection refused" caller="main.getStore@main.go:246"
menderserver-mender-api-gateway-1        | time="2023-11-06T18:42:52Z" level=error msg="no valid entryPoint for this router" routerName=prometheus@docker
menderserver-mender-api-gateway-1        | time="2023-11-06T18:42:52Z" level=error msg="entryPoint \"websecure\" doesn't exist" entryPointName=websecure routerName=traefik@docker
menderserver-mender-api-gateway-1        | time="2023-11-06T18:42:52Z" level=error msg="no valid entryPoint for this router" routerName=traefik@docker
menderserver-mender-api-gateway-1        | time="2023-11-06T18:42:52Z" level=error msg="entryPoint \"websecure\" doesn't exist" routerName=mywhoami@docker entryPointName=websecure
menderserver-mender-api-gateway-1        | time="2023-11-06T18:42:52Z" level=error msg="no valid entryPoint for this router" routerName=mywhoami@docker
menderserver-mender-api-gateway-1        | time="2023-11-06T18:42:52Z" level=error msg="entryPoint \"websecure\" doesn't exist" entryPointName=websecure routerName=prometheus@docker
menderserver-mender-api-gateway-1        | time="2023-11-06T18:42:52Z" level=error msg="no valid entryPoint for this router" routerName=prometheus@docker
menderserver-mender-api-gateway-1        | time="2023-11-06T18:42:52Z" level=error msg="entryPoint \"websecure\" doesn't exist" entryPointName=websecure routerName=traefik@docker
menderserver-mender-api-gateway-1        | time="2023-11-06T18:42:52Z" level=error msg="no valid entryPoint for this router" routerName=traefik@docker
menderserver-mender-api-gateway-1        | time="2023-11-06T18:42:52Z" level=error msg="entryPoint \"websecure\" doesn't exist" entryPointName=websecure routerName=mywhoami@docker
menderserver-mender-api-gateway-1        | time="2023-11-06T18:42:52Z" level=error msg="no valid entryPoint for this router" routerName=mywhoami@docker
menderserver-mender-api-gateway-1        | time="2023-11-06T18:42:52Z" level=error msg="entryPoint \"websecure\" doesn't exist" entryPointName=websecure routerName=grafana@docker
menderserver-mender-api-gateway-1        | time="2023-11-06T18:42:52Z" level=error msg="no valid entryPoint for this router" routerName=grafana@docker
menderserver-mender-api-gateway-1        | time="2023-11-06T18:42:52Z" level=error msg="the router traefik@docker uses a non-existent resolver: myresolver"
menderserver-mender-api-gateway-1        | time="2023-11-06T18:42:52Z" level=error msg="the router mywhoami@docker uses a non-existent resolver: myresolver"
menderserver-mender-api-gateway-1        | time="2023-11-06T18:42:52Z" level=error msg="the router grafana@docker uses a non-existent resolver: myresolver"
menderserver-mender-gui-1                | + HOSTNAME=
menderserver-mender-gui-1                | + '[' -n 10.10.0.142 ]
menderserver-mender-gui-1                | + HOSTNAME=10.10.0.142
menderserver-mender-gui-1                | + '[' -n  ]
menderserver-mender-gui-1                | + '[' -n  ]
menderserver-mender-gui-1                | + echo '[]'
menderserver-mender-gui-1                | + cat
menderserver-mender-gui-1                | + '[' nginx '=' nginx ]
menderserver-mender-gui-1                | + exec nginx -g 'daemon off;'
menderserver-mender-gui-1                | 127.0.0.1 - - [06/Nov/2023:18:42:12 +0000] "GET /ui/ HTTP/1.1" 200 869 "-" "Wget"
menderserver-mender-gui-1                | 127.0.0.1 - - [06/Nov/2023:18:42:20 +0000] "GET /ui/ HTTP/1.1" 200 869 "-" "Wget"
menderserver-mender-gui-1                | 127.0.0.1 - - [06/Nov/2023:18:42:28 +0000] "GET /ui/ HTTP/1.1" 200 869 "-" "Wget"
menderserver-mender-gui-1                | 127.0.0.1 - - [06/Nov/2023:18:42:37 +0000] "GET /ui/ HTTP/1.1" 200 869 "-" "Wget"
menderserver-mender-deviceconnect-1      | time="2023-11-06T18:42:08Z" level=info msg="migrating deviceconnect" caller="mongo.Migrate@migrations.go:43"
menderserver-mender-deviceconnect-1      | time="2023-11-06T18:42:08Z" level=info msg="applying migration from version 0.0.0 to 1.0.0" caller="migrate.(*SimpleMigrator).Apply@migrator_simple.go:100" db=deviceconnect
menderserver-mender-deviceconnect-1      | time="2023-11-06T18:42:08Z" level=info msg="applying migration from version 1.0.0 to 2.0.1" caller="migrate.(*SimpleMigrator).Apply@migrator_simple.go:100" db=deviceconnect
menderserver-mender-deviceconnect-1      | time="2023-11-06T18:42:08Z" level=info msg="DB migrated to version 2.0.1" caller="migrate.(*SimpleMigrator).Apply@migrator_simple.go:139" db=deviceconnect
menderserver-mender-create-artifact-worker-1  | time="2023-11-06T18:42:07Z" level=info msg="migrating workflows" caller="mongo.Migrate@migrations.go:38"
menderserver-mender-create-artifact-worker-1  | time="2023-11-06T18:42:07Z" level=info msg="applying migration from version 0.0.0 to 1.0.0" caller="migrate.(*SimpleMigrator).Apply@migrator_simple.go:100" db=workflows
menderserver-mender-create-artifact-worker-1  | time="2023-11-06T18:42:08Z" level=info msg="DB migrated to version 1.0.0" caller="migrate.(*SimpleMigrator).Apply@migrator_simple.go:139" db=workflows
menderserver-mender-create-artifact-worker-1  | time="2023-11-06T18:42:08Z" level=info msg="nats client closed the connection" caller="nats.NewClientWithDefaults.func1.1@client.go:91"
menderserver-mender-create-artifact-worker-1  | 2023/11/06 18:42:08 failed to apply Jetstream consumer migrations: nats: error getting consumer info: nats: stream not found
menderserver-mender-create-artifact-worker-1  | time="2023-11-06T18:42:11Z" level=info msg="migrating workflows" caller="mongo.Migrate@migrations.go:38"
menderserver-minio-1                     |  You are running an older version of MinIO released 2 years ago 
menderserver-mender-nats-1               | [1] 2023/11/06 18:42:04.173295 [INF]     _ ___ _____ ___ _____ ___ ___   _   __  __
menderserver-minio-1                          |  Update: Run `mc admin update` 
menderserver-minio-1                          | 
menderserver-minio-1                          | 
menderserver-minio-1                          | Attempting encryption of all config, IAM users and policies on MinIO backend
menderserver-minio-1                          | Endpoint: http://192.168.80.3:9000  http://127.0.0.1:9000 
menderserver-minio-1                          | 
menderserver-mender-inventory-1               | time="2023-11-06T18:42:07Z" level=info msg="automigrate is ON, will apply migrations" caller="mongo.(*DataStoreMongo).Migrate@migrations.go:109"
menderserver-mender-inventory-1               | time="2023-11-06T18:42:07Z" level=info msg="migrating inventory" caller="mongo.(*DataStoreMongo).Migrate@migrations.go:115"
menderserver-mender-reporting-1          | time="2023-11-06T18:42:18Z" level=warning msg="failed to ping opensearch: dial tcp 192.168.80.2:9200: connect: connection refused" caller="main.getStore@main.go:246"
menderserver-mender-api-gateway-1        | time="2023-11-06T18:42:52Z" level=error msg="the router prometheus@docker uses a non-existent resolver: myresolver"
menderserver-mender-reporting-1               | time="2023-11-06T18:42:19Z" level=warning msg="failed to ping opensearch: dial tcp 192.168.80.2:9200: connect: connection refused" caller="main.getStore@main.go:246"
menderserver-mender-api-gateway-1             | 192.168.80.1 - - [06/Nov/2023:18:42:53 +0000] "POST /api/management/v1/useradm/auth/login HTTP/1.1" 404 19 "-" "-" 8 "-" "-" 0ms
menderserver-mender-create-artifact-worker-1  | time="2023-11-06T18:42:11Z" level=info msg="migration to version 1.0.0 skipped" caller="migrate.(*SimpleMigrator).Apply@migrator_simple.go:124" db=workflows
menderserver-mender-api-gateway-1             | time="2023-11-06T18:42:55Z" level=error msg="entryPoint \"web\" doesn't exist" routerName=nginxp@docker entryPointName=web
menderserver-mender-deployments-1        | time="2023-11-06T18:42:08Z" level=info msg="migrating deployment_service" caller="mongo.MigrateSingle@migrations.go:71"
menderserver-mender-deployments-1             | time="2023-11-06T18:42:08Z" level=info msg="applying migration from version 0.0.0 to 1.2.1" caller="migrate.(*SimpleMigrator).Apply@migrator_simple.go:100" db=deployment_service
menderserver-mender-nats-1                    | [1] 2023/11/06 18:42:04.173331 [INF]  _ | | __|_   _/ __|_   _| _ \ __| /_\ |  \/  |
menderserver-mender-opensearch-1              | Enabling execution of install_demo_configuration.sh for OpenSearch Security Plugin
menderserver-mender-opensearch-1              | **************************************************************************
menderserver-mender-create-artifact-worker-1  | time="2023-11-06T18:42:11Z" level=info msg="DB migrated to version 1.0.0" caller="migrate.(*SimpleMigrator).Apply@migrator_simple.go:139" db=workflows
menderserver-mender-create-artifact-worker-1  | time="2023-11-06T18:42:11Z" level=info msg="LoadWorkflows: loading 1 workflows from /etc/workflows/definitions." caller="mongo.(*DataStoreMongo).LoadWorkflows@datastore_mongo.go:187"
menderserver-mender-create-artifact-worker-1  | time="2023-11-06T18:42:11Z" level=info msg="LoadWorkflows: loading generate_artifact v2." caller="mongo.(*DataStoreMongo).LoadWorkflows@datastore_mongo.go:189"
menderserver-mender-create-artifact-worker-1  | time="2023-11-06T18:42:11Z" level=info msg="worker starting up" caller="worker.InitAndRun.func2@worker.go:114" worker_id=9
menderserver-mender-create-artifact-worker-1  | time="2023-11-06T18:42:11Z" level=info msg="worker starting up" caller="worker.InitAndRun.func2@worker.go:114" worker_id=4
menderserver-mender-create-artifact-worker-1  | time="2023-11-06T18:42:11Z" level=info msg="worker starting up" caller="worker.InitAndRun.func2@worker.go:114" worker_id=1
menderserver-mender-create-artifact-worker-1  | time="2023-11-06T18:42:11Z" level=info msg="worker starting up" caller="worker.InitAndRun.func2@worker.go:114" worker_id=8
menderserver-mender-create-artifact-worker-1  | time="2023-11-06T18:42:11Z" level=info msg="worker starting up" caller="worker.InitAndRun.func2@worker.go:114" worker_id=3
menderserver-mender-device-auth-1             | time="2023-11-06T18:42:09Z" level=info msg="running migrations in single tenant mode" caller="mongo.(*DataStoreMongo).Migrate@datastore_mongo.go:477"
menderserver-mender-reporting-indexer-1  | time="2023-11-06T18:42:06Z" level=warning msg="failed to ping opensearch: dial tcp 192.168.80.2:9200: connect: connection refused" caller="main.getStore@main.go:246"
menderserver-mender-deployments-1             | time="2023-11-06T18:42:08Z" level=info msg="applying migration from version 1.2.1 to 1.2.2" caller="migrate.(*SimpleMigrator).Apply@migrator_simple.go:100" db=deployment_service
menderserver-mender-deployments-1             | time="2023-11-06T18:42:09Z" level=info msg="applying migration from version 1.2.2 to 1.2.3" caller="migrate.(*SimpleMigrator).Apply@migrator_simple.go:100" db=deployment_service
menderserver-mender-reporting-1               | time="2023-11-06T18:42:20Z" level=warning msg="failed to ping opensearch: dial tcp 192.168.80.2:9200: connect: connection refused" caller="main.getStore@main.go:246"
menderserver-mender-reporting-1               | time="2023-11-06T18:42:21Z" level=warning msg="failed to ping opensearch: dial tcp 192.168.80.2:9200: connect: connection refused" caller="main.getStore@main.go:246"
menderserver-mender-nats-1                    | [1] 2023/11/06 18:42:04.173347 [INF] | || | _|  | | \__ \ | | |   / _| / _ \| |\/| |
menderserver-mender-nats-1                    | [1] 2023/11/06 18:42:04.173361 [INF]  \__/|___| |_| |___/ |_| |_|_\___/_/ \_\_|  |_|
menderserver-mender-nats-1                    | [1] 2023/11/06 18:42:04.173373 [INF] 
menderserver-mender-inventory-1               | time="2023-11-06T18:42:07Z" level=info msg="migrating inventory" caller="mongo.(*DataStoreMongo).MigrateTenant@migrations.go:48"
menderserver-mender-reporting-indexer-1       | time="2023-11-06T18:42:07Z" level=warning msg="failed to ping opensearch: dial tcp 192.168.80.2:9200: connect: connection refused" caller="main.getStore@main.go:246"
menderserver-mender-inventory-1               | time="2023-11-06T18:42:07Z" level=info msg="applying migration from version 0.0.0 to 0.2.0" caller="migrate.(*SimpleMigrator).Apply@migrator_simple.go:100" db=inventory
menderserver-mender-api-gateway-1             | time="2023-11-06T18:42:55Z" level=error msg="no valid entryPoint for this router" routerName=nginxp@docker
menderserver-mender-workflows-worker-1   | time="2023-11-06T18:42:08Z" level=info msg="migrating workflows" caller="mongo.Migrate@migrations.go:39"
menderserver-mender-workflows-worker-1        | time="2023-11-06T18:42:08Z" level=info msg="applying migration from version 0.0.0 to 1.0.0" caller="migrate.(*SimpleMigrator).Apply@migrator_simple.go:100" db=workflows
menderserver-mender-workflows-worker-1        | time="2023-11-06T18:42:08Z" level=info msg="DB migrated to version 1.0.0" caller="migrate.(*SimpleMigrator).Apply@migrator_simple.go:139" db=workflows
menderserver-mender-useradm-1                 | time="2023-11-06T18:42:07Z" level=info msg="loading plan definitions from configuration" caller="main.doMain.func1@main.go:145"
menderserver-mender-useradm-1                 | time="2023-11-06T18:42:07Z" level=info msg="User Administration Service starting up" caller="main.runServer@main.go:178"
menderserver-mender-useradm-1                 | time="2023-11-06T18:42:07Z" level=info msg="running migrations in single tenant mode" caller="mongo.(*DataStoreMongo).Migrate@migrations.go:102"
menderserver-mender-useradm-1                 | time="2023-11-06T18:42:07Z" level=info msg="automigrate is ON, will apply migrations" caller="mongo.(*DataStoreMongo).Migrate@migrations.go:106"
menderserver-mender-useradm-1                 | time="2023-11-06T18:42:07Z" level=info msg="migrating useradm" caller="mongo.(*DataStoreMongo).Migrate@migrations.go:112"
menderserver-mender-useradm-1                 | time="2023-11-06T18:42:07Z" level=info msg="applying migration from version 0.0.0 to 1.0.0" caller="migrate.(*SimpleMigrator).Apply@migrator_simple.go:100" db=useradm
menderserver-mender-useradm-1                 | time="2023-11-06T18:42:07Z" level=info msg="applying migration from version 1.0.0 to 1.1.4" caller="migrate.(*SimpleMigrator).Apply@migrator_simple.go:100" db=useradm
menderserver-mender-useradm-1                 | time="2023-11-06T18:42:08Z" level=info msg="applying migration from version 1.1.4 to 1.3.2" caller="migrate.(*SimpleMigrator).Apply@migrator_simple.go:100" db=useradm
menderserver-mender-useradm-1                 | time="2023-11-06T18:42:08Z" level=info msg="applying migration from version 1.3.2 to 2.0.0" caller="migrate.(*SimpleMigrator).Apply@migrator_simple.go:100" db=useradm
menderserver-mender-api-gateway-1             | time="2023-11-06T18:42:55Z" level=error msg="entryPoint \"websecure\" doesn't exist" entryPointName=websecure routerName=meshcentral-secured@docker
menderserver-mender-workflows-server-1   | time="2023-11-06T18:42:08Z" level=info msg="migrating workflows" caller="mongo.Migrate@migrations.go:39"
menderserver-mender-workflows-server-1        | time="2023-11-06T18:42:08Z" level=info msg="migration to version 1.0.0 skipped" caller="migrate.(*SimpleMigrator).Apply@migrator_simple.go:124" db=workflows
menderserver-mender-workflows-server-1        | time="2023-11-06T18:42:08Z" level=info msg="DB migrated to version 1.0.0" caller="migrate.(*SimpleMigrator).Apply@migrator_simple.go:139" db=workflows
menderserver-mender-workflows-server-1        | time="2023-11-06T18:42:08Z" level=info msg="LoadWorkflows: empty workflowsPath, not loading workflows" caller="mongo.(*DataStoreMongo).LoadWorkflows@datastore_mongo.go:198"
menderserver-mender-reporting-1               | time="2023-11-06T18:42:22Z" level=warning msg="failed to ping opensearch: dial tcp 192.168.80.2:9200: connect: connection refused" caller="main.getStore@main.go:246"
menderserver-mender-reporting-1               | time="2023-11-06T18:42:23Z" level=warning msg="failed to ping opensearch: dial tcp 192.168.80.2:9200: connect: connection refused" caller="main.getStore@main.go:246"
menderserver-mender-reporting-1               | time="2023-11-06T18:42:24Z" level=warning msg="failed to ping opensearch: dial tcp 192.168.80.2:9200: connect: connection refused" caller="main.getStore@main.go:246"
menderserver-mender-reporting-1               | time="2023-11-06T18:42:25Z" level=warning msg="failed to ping opensearch: dial tcp 192.168.80.2:9200: connect: connection refused" caller="main.getStore@main.go:246"
menderserver-mender-reporting-1               | time="2023-11-06T18:42:26Z" level=warning msg="failed to ping opensearch: dial tcp 192.168.80.2:9200: connect: connection refused" caller="main.getStore@main.go:246"
menderserver-mender-reporting-1               | time="2023-11-06T18:42:27Z" level=warning msg="failed to ping opensearch: dial tcp 192.168.80.2:9200: connect: connection refused" caller="main.getStore@main.go:246"
menderserver-mender-reporting-1               | time="2023-11-06T18:42:28Z" level=warning msg="failed to ping opensearch: dial tcp 192.168.80.2:9200: connect: connection refused" caller="main.getStore@main.go:246"
menderserver-mender-reporting-1               | time="2023-11-06T18:42:29Z" level=warning msg="failed to ping opensearch: dial tcp 192.168.80.2:9200: connect: connection refused" caller="main.getStore@main.go:246"
menderserver-mender-reporting-1               | time="2023-11-06T18:42:30Z" level=warning msg="failed to ping opensearch: dial tcp 192.168.80.2:9200: connect: connection refused" caller="main.getStore@main.go:246"
menderserver-mender-reporting-1               | time="2023-11-06T18:42:31Z" level=warning msg="failed to ping opensearch: dial tcp 192.168.80.2:9200: connect: connection refused" caller="main.getStore@main.go:246"
menderserver-mender-create-artifact-worker-1  | time="2023-11-06T18:42:11Z" level=info msg="worker starting up" caller="worker.InitAndRun.func2@worker.go:114" worker_id=5
menderserver-mender-reporting-indexer-1       | time="2023-11-06T18:42:08Z" level=warning msg="failed to ping opensearch: dial tcp 192.168.80.2:9200: connect: connection refused" caller="main.getStore@main.go:246"
menderserver-mender-create-artifact-worker-1  | time="2023-11-06T18:42:11Z" level=info msg="worker starting up" caller="worker.InitAndRun.func2@worker.go:114" worker_id=2
menderserver-mender-create-artifact-worker-1  | time="2023-11-06T18:42:11Z" level=info msg="worker starting up" caller="worker.InitAndRun.func2@worker.go:114" worker_id=6
menderserver-mender-create-artifact-worker-1  | time="2023-11-06T18:42:11Z" level=info msg="worker starting up" caller="worker.InitAndRun.func2@worker.go:114" worker_id=0
menderserver-mender-create-artifact-worker-1  | time="2023-11-06T18:42:11Z" level=info msg="worker starting up" caller="worker.InitAndRun.func2@worker.go:114" worker_id=7
menderserver-mender-reporting-1               | time="2023-11-06T18:42:32Z" level=warning msg="failed to ping opensearch: dial tcp 192.168.80.2:9200: connect: connection refused" caller="main.getStore@main.go:246"
menderserver-mender-deployments-1             | time="2023-11-06T18:42:09Z" level=info msg="applying migration from version 1.2.3 to 1.2.4" caller="migrate.(*SimpleMigrator).Apply@migrator_simple.go:100" db=deployment_service
menderserver-mender-reporting-1               | time="2023-11-06T18:42:33Z" level=warning msg="failed to ping opensearch: dial tcp 192.168.80.2:9200: connect: connection refused" caller="main.getStore@main.go:246"
menderserver-mender-api-gateway-1             | time="2023-11-06T18:42:55Z" level=error msg="no valid entryPoint for this router" routerName=meshcentral-secured@docker
menderserver-mender-api-gateway-1             | time="2023-11-06T18:42:55Z" level=error msg="api is not enabled" entryPointName=http routerName=traefik-ui@docker
menderserver-mender-opensearch-1              | ** This tool will be deprecated in the next major release of OpenSearch **
menderserver-mender-opensearch-1              | ** https://github.com/opensearch-project/security/issues/1755           **
menderserver-mender-opensearch-1              | **************************************************************************
menderserver-mender-opensearch-1              | OpenSearch Security Demo Installer
menderserver-mender-opensearch-1              |  ** Warning: Do not use on production or public reachable systems **
menderserver-mender-opensearch-1              | Basedir: /usr/share/opensearch
menderserver-mender-opensearch-1              | OpenSearch install type: rpm/deb on NAME="Amazon Linux"
menderserver-mender-opensearch-1              | OpenSearch config dir: /usr/share/opensearch/config
menderserver-mender-opensearch-1              | OpenSearch config file: /usr/share/opensearch/config/opensearch.yml
menderserver-mender-opensearch-1              | OpenSearch bin dir: /usr/share/opensearch/bin
menderserver-mender-mongo-1                   | {"t":{"$date":"2023-11-06T18:42:04.122+00:00"},"s":"I",  "c":"CONTROL",  "id":23285,   "ctx":"main","msg":"Automatically disabling TLS 1.0, to force-enable TLS 1.0 specify --sslDisabledProtocols 'none'"}
menderserver-mender-reporting-indexer-1       | time="2023-11-06T18:42:09Z" level=warning msg="failed to ping opensearch: dial tcp 192.168.80.2:9200: connect: connection refused" caller="main.getStore@main.go:246"
menderserver-mender-reporting-indexer-1       | time="2023-11-06T18:42:10Z" level=warning msg="failed to ping opensearch: dial tcp 192.168.80.2:9200: connect: connection refused" caller="main.getStore@main.go:246"
menderserver-mender-reporting-1               | time="2023-11-06T18:42:34Z" level=warning msg="failed to ping opensearch: dial tcp 192.168.80.2:9200: connect: connection refused" caller="main.getStore@main.go:246"
menderserver-mender-reporting-1               | time="2023-11-06T18:42:35Z" level=warning msg="failed to ping opensearch: dial tcp 192.168.80.2:9200: connect: connection refused" caller="main.getStore@main.go:246"
menderserver-mender-device-auth-1             | time="2023-11-06T18:42:09Z" level=info msg="automigrate is ON, will apply migrations" caller="mongo.(*DataStoreMongo).Migrate@datastore_mongo.go:481"
menderserver-mender-device-auth-1             | time="2023-11-06T18:42:09Z" level=info msg="migrating deviceauth" caller="mongo.(*DataStoreMongo).MigrateTenant@datastore_mongo.go:510"
menderserver-mender-opensearch-1              | OpenSearch plugins dir: /usr/share/opensearch/plugins
menderserver-mender-useradm-1                 | time="2023-11-06T18:42:08Z" level=info msg="applying migration from version 2.0.0 to 2.0.1" caller="migrate.(*SimpleMigrator).Apply@migrator_simple.go:100" db=useradm
menderserver-mender-useradm-1                 | time="2023-11-06T18:42:08Z" level=info msg="applying migration from version 2.0.1 to 2.0.3" caller="migrate.(*SimpleMigrator).Apply@migrator_simple.go:100" db=useradm
menderserver-minio-1                          | Browser Access:
menderserver-minio-1                          |    http://192.168.80.3:9000  http://127.0.0.1:9000
menderserver-minio-1                          | 
menderserver-minio-1                          | Object API (Amazon S3 compatible):
menderserver-minio-1                          |    Go:         https://docs.min.io/docs/golang-client-quickstart-guide
menderserver-minio-1                          |    Java:       https://docs.min.io/docs/java-client-quickstart-guide
menderserver-mender-reporting-1               | time="2023-11-06T18:42:36Z" level=warning msg="failed to ping opensearch: dial tcp 192.168.80.2:9200: connect: connection refused" caller="main.getStore@main.go:246"
menderserver-mender-reporting-1               | time="2023-11-06T18:42:37Z" level=warning msg="failed to ping opensearch: dial tcp 192.168.80.2:9200: connect: connection refused" caller="main.getStore@main.go:246"
menderserver-mender-reporting-1               | time="2023-11-06T18:42:38Z" level=warning msg="failed to ping opensearch: dial tcp 192.168.80.2:9200: connect: connection refused" caller="main.getStore@main.go:246"
menderserver-mender-device-auth-1             | time="2023-11-06T18:42:09Z" level=info msg="applying migration from version 0.0.0 to 1.1.0" caller="migrate.(*SimpleMigrator).Apply@migrator_simple.go:100" db=deviceauth
menderserver-mender-device-auth-1             | time="2023-11-06T18:42:10Z" level=info msg="applying migration from version 1.1.0 to 1.2.0" caller="migrate.(*SimpleMigrator).Apply@migrator_simple.go:100" db=deviceauth
menderserver-mender-device-auth-1             | time="2023-11-06T18:42:10Z" level=info msg="applying migration from version 1.2.0 to 1.3.0" caller="migrate.(*SimpleMigrator).Apply@migrator_simple.go:100" db=deviceauth
menderserver-mender-useradm-1                 | time="2023-11-06T18:42:09Z" level=info msg="DB migrated to version 2.0.3" caller="migrate.(*SimpleMigrator).Apply@migrator_simple.go:139" db=useradm
menderserver-mender-useradm-1                 | time="2023-11-06T18:42:09Z" level=info msg="setting up prod middleware" caller="main.SetupMiddleware@middleware.go:88"
menderserver-mender-reporting-indexer-1       | time="2023-11-06T18:42:11Z" level=warning msg="failed to ping opensearch: dial tcp 192.168.80.2:9200: connect: connection refused" caller="main.getStore@main.go:246"
menderserver-mender-deployments-1             | time="2023-11-06T18:42:09Z" level=info msg="applying migration from version 1.2.4 to 1.2.5" caller="migrate.(*SimpleMigrator).Apply@migrator_simple.go:100" db=deployment_service
menderserver-mender-reporting-indexer-1       | time="2023-11-06T18:42:12Z" level=warning msg="failed to ping opensearch: dial tcp 192.168.80.2:9200: connect: connection refused" caller="main.getStore@main.go:246"
menderserver-mender-deployments-1             | time="2023-11-06T18:42:09Z" level=info msg="applying migration from version 1.2.5 to 1.2.6" caller="migrate.(*SimpleMigrator).Apply@migrator_simple.go:100" db=deployment_service
menderserver-mender-deployments-1             | time="2023-11-06T18:42:09Z" level=info msg="applying migration from version 1.2.6 to 1.2.7" caller="migrate.(*SimpleMigrator).Apply@migrator_simple.go:100" db=deployment_service
menderserver-mender-deployments-1             | time="2023-11-06T18:42:09Z" level=info msg="applying migration from version 1.2.7 to 1.2.9" caller="migrate.(*SimpleMigrator).Apply@migrator_simple.go:100" db=deployment_service
menderserver-mender-deployments-1             | time="2023-11-06T18:42:09Z" level=info msg="applying migration from version 1.2.9 to 1.2.10" caller="migrate.(*SimpleMigrator).Apply@migrator_simple.go:100" db=deployment_service
menderserver-mender-reporting-1               | time="2023-11-06T18:42:39Z" level=warning msg="failed to ping opensearch: dial tcp 192.168.80.2:9200: connect: connection refused" caller="main.getStore@main.go:246"
menderserver-mender-device-auth-1             | time="2023-11-06T18:42:10Z" level=info msg="applying migration from version 1.3.0 to 1.4.0" caller="migrate.(*SimpleMigrator).Apply@migrator_simple.go:100" db=deviceauth
menderserver-mender-reporting-1               | time="2023-11-06T18:42:40Z" level=warning msg="failed to ping opensearch: dial tcp 192.168.80.2:9200: connect: connection refused" caller="main.getStore@main.go:246"
menderserver-mender-reporting-1               | time="2023-11-06T18:42:41Z" level=warning msg="failed to ping opensearch: dial tcp 192.168.80.2:9200: connect: connection refused" caller="main.getStore@main.go:246"
menderserver-mender-reporting-1               | time="2023-11-06T18:42:42Z" level=warning msg="failed to ping opensearch: dial tcp 192.168.80.2:9200: connect: connection refused" caller="main.getStore@main.go:246"
menderserver-mender-reporting-1               | time="2023-11-06T18:42:44Z" level=warning msg="failed to ping opensearch: dial tcp 192.168.80.2:9200: connect: connection refused" caller="main.getStore@main.go:246"
menderserver-mender-api-gateway-1             | time="2023-11-06T18:42:55Z" level=error msg="api is not enabled" entryPointName=https routerName=traefik-ui@docker
menderserver-minio-1                          |    Python:     https://docs.min.io/docs/python-client-quickstart-guide
menderserver-mender-api-gateway-1             | time="2023-11-06T18:42:55Z" level=error msg="entryPoint \"websecure\" doesn't exist" routerName=prometheus@docker entryPointName=websecure
menderserver-minio-1                          |    JavaScript: https://docs.min.io/docs/javascript-client-quickstart-guide
menderserver-mender-workflows-worker-1        | time="2023-11-06T18:42:08Z" level=info msg="nats client closed the connection" caller="nats.NewClientWithDefaults.func1.1@client.go:91"
menderserver-minio-1                          |    .NET:       https://docs.min.io/docs/dotnet-client-quickstart-guide
menderserver-mender-device-auth-1             | time="2023-11-06T18:42:10Z" level=info msg="applying migration from version 1.4.0 to 1.5.0" caller="migrate.(*SimpleMigrator).Apply@migrator_simple.go:100" db=deviceauth
menderserver-minio-1                          | IAM initialization complete
menderserver-mender-mongo-1                   | {"t":{"$date":"2023-11-06T18:42:04.130+00:00"},"s":"W",  "c":"ASIO",     "id":22601,   "ctx":"main","msg":"No TransportLayer configured during NetworkInterface startup"}
menderserver-mender-mongo-1                   | {"t":{"$date":"2023-11-06T18:42:04.130+00:00"},"s":"I",  "c":"NETWORK",  "id":4648601, "ctx":"main","msg":"Implicit TCP FastOpen unavailable. If TCP FastOpen is required, set tcpFastOpenServer, tcpFastOpenClient, and tcpFastOpenQueueSize."}
menderserver-mender-mongo-1                   | {"t":{"$date":"2023-11-06T18:42:04.131+00:00"},"s":"I",  "c":"STORAGE",  "id":4615611, "ctx":"initandlisten","msg":"MongoDB starting","attr":{"pid":1,"port":27017,"dbPath":"/data/db","architecture":"64-bit","host":"cc3ab455d4df"}}
menderserver-mender-reporting-indexer-1       | time="2023-11-06T18:42:13Z" level=warning msg="failed to ping opensearch: dial tcp 192.168.80.2:9200: connect: connection refused" caller="main.getStore@main.go:246"
menderserver-mender-reporting-indexer-1       | time="2023-11-06T18:42:14Z" level=warning msg="failed to ping opensearch: dial tcp 192.168.80.2:9200: connect: connection refused" caller="main.getStore@main.go:246"
menderserver-mender-reporting-indexer-1       | time="2023-11-06T18:42:15Z" level=warning msg="failed to ping opensearch: dial tcp 192.168.80.2:9200: connect: connection refused" caller="main.getStore@main.go:246"
menderserver-mender-deployments-1             | time="2023-11-06T18:42:09Z" level=info msg="applying migration from version 1.2.10 to 1.2.11" caller="migrate.(*SimpleMigrator).Apply@migrator_simple.go:100" db=deployment_service
menderserver-mender-deployments-1             | time="2023-11-06T18:42:10Z" level=info msg="applying migration from version 1.2.11 to 1.2.13" caller="migrate.(*SimpleMigrator).Apply@migrator_simple.go:100" db=deployment_service
menderserver-mender-deployments-1             | time="2023-11-06T18:42:10Z" level=info msg="applying migration from version 1.2.13 to 1.2.14" caller="migrate.(*SimpleMigrator).Apply@migrator_simple.go:100" db=deployment_service
menderserver-mender-deployments-1             | time="2023-11-06T18:42:10Z" level=info msg="applying migration from version 1.2.14 to 1.2.15" caller="migrate.(*SimpleMigrator).Apply@migrator_simple.go:100" db=deployment_service
menderserver-mender-deployments-1             | time="2023-11-06T18:42:10Z" level=info msg="DB migrated to version 1.2.15" caller="migrate.(*SimpleMigrator).Apply@migrator_simple.go:139" db=deployment_service
menderserver-mender-mongo-1                   | {"t":{"$date":"2023-11-06T18:42:04.131+00:00"},"s":"I",  "c":"CONTROL",  "id":23403,   "ctx":"initandlisten","msg":"Build Info","attr":{"buildInfo":{"version":"4.4.6","gitVersion":"72e66213c2c3eab37d9358d5e78ad7f5c1d0d0d7","openSSLVersion":"OpenSSL 1.1.1  11 Sep 2018","modules":[],"allocator":"tcmalloc","environment":{"distmod":"ubuntu1804","distarch":"x86_64","target_arch":"x86_64"}}}}
menderserver-mender-mongo-1                   | {"t":{"$date":"2023-11-06T18:42:04.131+00:00"},"s":"I",  "c":"CONTROL",  "id":51765,   "ctx":"initandlisten","msg":"Operating System","attr":{"os":{"name":"Ubuntu","version":"18.04"}}}
menderserver-mender-mongo-1                   | {"t":{"$date":"2023-11-06T18:42:04.131+00:00"},"s":"I",  "c":"CONTROL",  "id":21951,   "ctx":"initandlisten","msg":"Options set by command line","attr":{"options":{"net":{"bindIp":"*"}}}}
menderserver-mender-mongo-1                   | {"t":{"$date":"2023-11-06T18:42:04.133+00:00"},"s":"I",  "c":"STORAGE",  "id":22297,   "ctx":"initandlisten","msg":"Using the XFS filesystem is strongly recommended with the WiredTiger storage engine. See http://dochub.mongodb.org/core/prodnotes-filesystem","tags":["startupWarnings"]}
menderserver-mender-mongo-1                   | {"t":{"$date":"2023-11-06T18:42:04.133+00:00"},"s":"I",  "c":"STORAGE",  "id":22315,   "ctx":"initandlisten","msg":"Opening WiredTiger","attr":{"config":"create,cache_size=7482M,session_max=33000,eviction=(threads_min=4,threads_max=4),config_base=false,statistics=(fast),log=(enabled=true,archive=true,path=journal,compressor=snappy),file_manager=(close_idle_time=100000,close_scan_interval=10,close_handle_minimum=250),statistics_log=(wait=0),verbose=[recovery_progress,checkpoint_progress,compact_progress],"}}
menderserver-mender-mongo-1                   | {"t":{"$date":"2023-11-06T18:42:06.058+00:00"},"s":"I",  "c":"STORAGE",  "id":22430,   "ctx":"initandlisten","msg":"WiredTiger message","attr":{"message":"[1699296126:58285][1:0x7f0478aadac0], txn-recover: [WT_VERB_RECOVERY | WT_VERB_RECOVERY_PROGRESS] Set global recovery timestamp: (0, 0)"}}
menderserver-mender-mongo-1                   | {"t":{"$date":"2023-11-06T18:42:06.058+00:00"},"s":"I",  "c":"STORAGE",  "id":22430,   "ctx":"initandlisten","msg":"WiredTiger message","attr":{"message":"[1699296126:58479][1:0x7f0478aadac0], txn-recover: [WT_VERB_RECOVERY | WT_VERB_RECOVERY_PROGRESS] Set global oldest timestamp: (0, 0)"}}
menderserver-mender-mongo-1                   | {"t":{"$date":"2023-11-06T18:42:06.099+00:00"},"s":"I",  "c":"STORAGE",  "id":4795906, "ctx":"initandlisten","msg":"WiredTiger opened","attr":{"durationMillis":1965}}
menderserver-mender-mongo-1                   | {"t":{"$date":"2023-11-06T18:42:06.099+00:00"},"s":"I",  "c":"RECOVERY", "id":23987,   "ctx":"initandlisten","msg":"WiredTiger recoveryTimestamp","attr":{"recoveryTimestamp":{"$timestamp":{"t":0,"i":0}}}}
menderserver-mender-mongo-1                   | {"t":{"$date":"2023-11-06T18:42:06.170+00:00"},"s":"I",  "c":"STORAGE",  "id":4366408, "ctx":"initandlisten","msg":"No table logging settings modifications are required for existing WiredTiger tables","attr":{"loggingEnabled":true}}
menderserver-mender-mongo-1                   | {"t":{"$date":"2023-11-06T18:42:06.171+00:00"},"s":"I",  "c":"STORAGE",  "id":22262,   "ctx":"initandlisten","msg":"Timestamp monitor starting"}
menderserver-mender-mongo-1                   | {"t":{"$date":"2023-11-06T18:42:06.226+00:00"},"s":"W",  "c":"CONTROL",  "id":22120,   "ctx":"initandlisten","msg":"Access control is not enabled for the database. Read and write access to data and configuration is unrestricted","tags":["startupWarnings"]}
menderserver-mender-mongo-1                   | {"t":{"$date":"2023-11-06T18:42:06.245+00:00"},"s":"I",  "c":"STORAGE",  "id":20320,   "ctx":"initandlisten","msg":"createCollection","attr":{"namespace":"admin.system.version","uuidDisposition":"provided","uuid":{"uuid":{"$uuid":"888f464e-dd06-44d1-b66c-ef0ab39aef27"}},"options":{"uuid":{"$uuid":"888f464e-dd06-44d1-b66c-ef0ab39aef27"}}}}
menderserver-mender-api-gateway-1             | time="2023-11-06T18:42:55Z" level=error msg="no valid entryPoint for this router" routerName=prometheus@docker
menderserver-mender-reporting-1               | time="2023-11-06T18:42:45Z" level=warning msg="failed to ping opensearch: dial tcp 192.168.80.2:9200: connect: connection refused" caller="main.getStore@main.go:246"
menderserver-mender-reporting-1               | time="2023-11-06T18:42:46Z" level=warning msg="failed to ping opensearch: dial tcp 192.168.80.2:9200: connect: connection refused" caller="main.getStore@main.go:246"
menderserver-mender-api-gateway-1             | time="2023-11-06T18:42:55Z" level=error msg="entryPoint \"websecure\" doesn't exist" routerName=traefik@docker entryPointName=websecure
menderserver-mender-api-gateway-1             | time="2023-11-06T18:42:55Z" level=error msg="no valid entryPoint for this router" routerName=traefik@docker
menderserver-mender-api-gateway-1             | time="2023-11-06T18:42:55Z" level=error msg="entryPoint \"websecure\" doesn't exist" routerName=mywhoami@docker entryPointName=websecure
menderserver-mender-api-gateway-1             | time="2023-11-06T18:42:55Z" level=error msg="no valid entryPoint for this router" routerName=mywhoami@docker
menderserver-mender-api-gateway-1             | time="2023-11-06T18:42:55Z" level=error msg="entryPoint \"websecure\" doesn't exist" entryPointName=websecure routerName=grafana@docker
menderserver-mender-api-gateway-1             | time="2023-11-06T18:42:55Z" level=error msg="no valid entryPoint for this router" routerName=grafana@docker
menderserver-mender-api-gateway-1             | time="2023-11-06T18:42:55Z" level=error msg="entryPoint \"websecure\" doesn't exist" entryPointName=websecure routerName=grafana@docker
menderserver-mender-api-gateway-1             | time="2023-11-06T18:42:55Z" level=error msg="no valid entryPoint for this router" routerName=grafana@docker
menderserver-mender-api-gateway-1             | time="2023-11-06T18:42:55Z" level=error msg="entryPoint \"websecure\" doesn't exist" routerName=prometheus@docker entryPointName=websecure
menderserver-mender-api-gateway-1             | time="2023-11-06T18:42:55Z" level=error msg="no valid entryPoint for this router" routerName=prometheus@docker
menderserver-mender-api-gateway-1             | time="2023-11-06T18:42:55Z" level=error msg="entryPoint \"websecure\" doesn't exist" routerName=traefik@docker entryPointName=websecure
menderserver-mender-api-gateway-1             | time="2023-11-06T18:42:55Z" level=error msg="no valid entryPoint for this router" routerName=traefik@docker
menderserver-mender-api-gateway-1             | time="2023-11-06T18:42:55Z" level=error msg="entryPoint \"websecure\" doesn't exist" routerName=mywhoami@docker entryPointName=websecure
menderserver-mender-api-gateway-1             | time="2023-11-06T18:42:55Z" level=error msg="no valid entryPoint for this router" routerName=mywhoami@docker
menderserver-mender-api-gateway-1             | time="2023-11-06T18:42:55Z" level=error msg="the router prometheus@docker uses a non-existent resolver: myresolver"
menderserver-mender-api-gateway-1             | time="2023-11-06T18:42:55Z" level=error msg="the router traefik@docker uses a non-existent resolver: myresolver"
menderserver-mender-api-gateway-1             | time="2023-11-06T18:42:55Z" level=error msg="the router mywhoami@docker uses a non-existent resolver: myresolver"
menderserver-mender-api-gateway-1             | time="2023-11-06T18:42:55Z" level=error msg="the router grafana@docker uses a non-existent resolver: myresolver"
menderserver-mender-api-gateway-1             | 192.168.80.1 - - [06/Nov/2023:18:42:58 +0000] "POST /api/management/v1/useradm/auth/login HTTP/1.1" 404 19 "-" "-" 9 "-" "-" 0ms
menderserver-mender-api-gateway-1             | 192.168.80.1 - - [06/Nov/2023:18:43:03 +0000] "POST /api/management/v1/useradm/auth/login HTTP/1.1" 404 19 "-" "-" 10 "-" "-" 0ms
menderserver-mender-api-gateway-1             | 192.168.80.1 - - [06/Nov/2023:18:43:08 +0000] "POST /api/management/v1/useradm/auth/login HTTP/1.1" 404 19 "-" "-" 11 "-" "-" 0ms
menderserver-mender-api-gateway-1             | 192.168.80.1 - - [06/Nov/2023:18:43:13 +0000] "POST /api/management/v1/useradm/auth/login HTTP/1.1" 404 19 "-" "-" 12 "-" "-" 0ms
menderserver-mender-api-gateway-1             | 192.168.80.1 - - [06/Nov/2023:18:43:18 +0000] "POST /api/management/v1/useradm/auth/login HTTP/1.1" 404 19 "-" "-" 13 "-" "-" 0ms
